// Vitest Snapshot v1, https://vitest.dev/guide/snapshot.html

exports[`Given the Aave Protocol > When listing all supported chains > Then it should return the expected list chains 1`] = `
[
  {
    "__typename": "Chain",
    "chainId": 1,
    "explorerUrl": "https://etherscan.io",
    "icon": "https://statics.aave.com/ethereum.svg",
    "isTestnet": false,
    "name": "Ethereum",
    "nativeWrappedToken": "0xC02aaA39b223FE8D0A0e5C4F27eAD9083C756Cc2",
  },
  {
    "__typename": "Chain",
    "chainId": 10,
    "explorerUrl": "https://optimistic.etherscan.io",
    "icon": "https://statics.aave.com/optimism.svg",
    "isTestnet": false,
    "name": "Optimism",
    "nativeWrappedToken": "0x4200000000000000000000000000000000000006",
  },
  {
    "__typename": "Chain",
    "chainId": 56,
    "explorerUrl": "https://bscscan.com",
    "icon": "https://statics.aave.com/bnbchain.svg",
    "isTestnet": false,
    "name": "BSC",
    "nativeWrappedToken": "0xbb4CdB9CBd36B01bD1cBaEBF2De08d9173bc095c",
  },
  {
    "__typename": "Chain",
    "chainId": 100,
    "explorerUrl": "https://gnosisscan.io",
    "icon": "https://statics.aave.com/Gnosis.svg",
    "isTestnet": false,
    "name": "Gnosis",
    "nativeWrappedToken": "0xe91D153E0b41518A2Ce8Dd3D7944Fa863463a97d",
  },
  {
    "__typename": "Chain",
    "chainId": 137,
    "explorerUrl": "https://polygonscan.com",
    "icon": "https://statics.aave.com/polygon.svg",
    "isTestnet": false,
    "name": "Polygon",
    "nativeWrappedToken": "0x0d500B1d8E8eF31E21C99d1Db9A6444d3ADf1270",
  },
  {
    "__typename": "Chain",
    "chainId": 146,
    "explorerUrl": "https://sonicscan.org",
    "icon": "https://statics.aave.com/sonic.svg",
    "isTestnet": false,
    "name": "Sonic",
    "nativeWrappedToken": "0x039e2fB66102314Ce7b64Ce5Ce3E5183bc94aD38",
  },
  {
    "__typename": "Chain",
    "chainId": 324,
    "explorerUrl": "https://era.zksync.network",
    "icon": "https://statics.aave.com/zksync-era-light.svg",
    "isTestnet": false,
    "name": "zkSync",
    "nativeWrappedToken": "0x5AEa5775959fBC2557Cc8789bC1bf90A239D9a91",
  },
  {
    "__typename": "Chain",
    "chainId": 1088,
    "explorerUrl": "https://andromeda-explorer.metis.io",
    "icon": "https://statics.aave.com/Metis.svg",
    "isTestnet": false,
    "name": "Metis",
    "nativeWrappedToken": "0x75cb093E4D61d2A2e65D8e0BBb01DE8d89b53481",
  },
  {
    "__typename": "Chain",
    "chainId": 1868,
    "explorerUrl": "https://soneium.blockscout.com",
    "icon": "https://statics.aave.com/soneium.svg",
    "isTestnet": false,
    "name": "Soneium",
    "nativeWrappedToken": "0x4200000000000000000000000000000000000006",
  },
  {
    "__typename": "Chain",
    "chainId": 8453,
    "explorerUrl": "https://basescan.org",
    "icon": "https://statics.aave.com/base.svg",
    "isTestnet": false,
    "name": "Base",
    "nativeWrappedToken": "0x4200000000000000000000000000000000000006",
  },
  {
    "__typename": "Chain",
    "chainId": 9745,
    "explorerUrl": "https://plasmascan.to/",
    "icon": "https://statics.aave.com/plasma.svg",
    "isTestnet": false,
    "name": "Plasma",
    "nativeWrappedToken": "0x6100E367285b01F48D07953803A2d8dCA5D19873",
  },
  {
    "__typename": "Chain",
    "chainId": 42161,
    "explorerUrl": "https://arbiscan.io",
    "icon": "https://statics.aave.com/arbitrum.svg",
    "isTestnet": false,
    "name": "Arbitrum",
    "nativeWrappedToken": "0x82aF49447D8a07e3bd95BD0d56f35241523fBab1",
  },
  {
    "__typename": "Chain",
    "chainId": 42220,
    "explorerUrl": "https://celoscan.io",
    "icon": "https://statics.aave.com/celo.svg",
    "isTestnet": false,
    "name": "Celo",
    "nativeWrappedToken": "0xE452E6Ea2dDeB012e20dB73bf5d3863A3Ac8d77a",
  },
  {
    "__typename": "Chain",
    "chainId": 43114,
    "explorerUrl": "https://cchain.explorer.avax.network",
    "icon": "https://statics.aave.com/avalanche.svg",
    "isTestnet": false,
    "name": "Avalanche",
    "nativeWrappedToken": "0xB31f66AA3C1e785363F0875A1B74E27b85FD66c7",
  },
  {
    "__typename": "Chain",
    "chainId": 59144,
    "explorerUrl": "https://lineascan.build",
    "icon": "https://statics.aave.com/linea.svg",
    "isTestnet": false,
    "name": "Linea",
    "nativeWrappedToken": "0xe5D7C2a44FfDDf6b295A15c148167daaAf5Cf34f",
  },
  {
    "__typename": "Chain",
    "chainId": 84532,
    "explorerUrl": "https://sepolia.basescan.org",
    "icon": "https://statics.aave.com/base.svg",
    "isTestnet": true,
    "name": "Base Sepolia",
    "nativeWrappedToken": "0x4200000000000000000000000000000000000006",
  },
  {
    "__typename": "Chain",
    "chainId": 534352,
    "explorerUrl": "https://scrollscan.com",
    "icon": "https://statics.aave.com/scroll-network.svg",
    "isTestnet": false,
    "name": "Scroll",
    "nativeWrappedToken": "0x5300000000000000000000000000000000000004",
  },
  {
    "__typename": "Chain",
    "chainId": 99999999,
    "explorerUrl": "https://dashboard.tenderly.co/explorer/vnet/27ff3c60-0e2c-4d46-8190-f5170dc7da8c",
    "icon": "https://statics.aave.com/ethereum.svg",
    "isTestnet": true,
    "name": "Forked Ethereum",
    "nativeWrappedToken": "0xC02aaA39b223FE8D0A0e5C4F27eAD9083C756Cc2",
  },
]
`;
