// Vitest Snapshot v1, https://vitest.dev/guide/snapshot.html

exports[`Given the Aave client > When using the 'chains(client)' action > Then it should return the supported chains 1`] = `
[
  {
    "__typename": "Chain",
    "chainId": 1,
    "explorerUrl": "https://etherscan.io",
    "icon": "https://statics.aave.com/ethereum.svg",
    "name": "Ethereum",
  },
  {
    "__typename": "Chain",
    "chainId": 42161,
    "explorerUrl": "https://arbiscan.io",
    "icon": "https://statics.aave.com/arbitrum.svg",
    "name": "Arbitrum",
  },
  {
    "__typename": "Chain",
    "chainId": 43114,
    "explorerUrl": "https://cchain.explorer.avax.network",
    "icon": "https://statics.aave.com/avalanche.svg",
    "name": "Avalanche",
  },
  {
    "__typename": "Chain",
    "chainId": 8453,
    "explorerUrl": "https://basescan.org",
    "icon": "https://statics.aave.com/base.svg",
    "name": "Base",
  },
  {
    "__typename": "Chain",
    "chainId": 56,
    "explorerUrl": "https://bscscan.com",
    "icon": "https://statics.aave.com/bnbchain.svg",
    "name": "BSC",
  },
  {
    "__typename": "Chain",
    "chainId": 42220,
    "explorerUrl": "https://celoscan.io",
    "icon": "https://statics.aave.com/celo.svg",
    "name": "Celo",
  },
  {
    "__typename": "Chain",
    "chainId": 100,
    "explorerUrl": "https://gnosisscan.io",
    "icon": "https://statics.aave.com/Gnosis.svg",
    "name": "Gnosis",
  },
  {
    "__typename": "Chain",
    "chainId": 59144,
    "explorerUrl": "https://lineascan.build",
    "icon": "https://statics.aave.com/linea.svg",
    "name": "Linea",
  },
  {
    "__typename": "Chain",
    "chainId": 1088,
    "explorerUrl": "https://andromeda-explorer.metis.io",
    "icon": "https://statics.aave.com/Metis.svg",
    "name": "Metis",
  },
  {
    "__typename": "Chain",
    "chainId": 10,
    "explorerUrl": "https://optimistic.etherscan.io",
    "icon": "https://statics.aave.com/optimism.svg",
    "name": "Optimism",
  },
  {
    "__typename": "Chain",
    "chainId": 137,
    "explorerUrl": "https://polygonscan.com",
    "icon": "https://statics.aave.com/polygon.svg",
    "name": "Polygon",
  },
  {
    "__typename": "Chain",
    "chainId": 534352,
    "explorerUrl": "https://scrollscan.com",
    "icon": "https://statics.aave.com/scroll-network.svg",
    "name": "Scroll",
  },
  {
    "__typename": "Chain",
    "chainId": 1868,
    "explorerUrl": "https://soneium.blockscout.com",
    "icon": "https://statics.aave.com/soneium.svg",
    "name": "Soneium",
  },
  {
    "__typename": "Chain",
    "chainId": 146,
    "explorerUrl": "https://sonicscan.org",
    "icon": "https://statics.aave.com/sonic.svg",
    "name": "Sonic",
  },
  {
    "__typename": "Chain",
    "chainId": 324,
    "explorerUrl": "https://era.zksync.network",
    "icon": "https://statics.aave.com/zksync-era-light.svg",
    "name": "zkSync",
  },
  {
    "__typename": "Chain",
    "chainId": 5000,
    "explorerUrl": "https://explorer.mantle.xyz",
    "icon": "https://statics.aave.com/mantle.svg",
    "name": "Mantle",
  },
]
`;
