// Vitest Snapshot v1, https://vitest.dev/guide/snapshot.html

exports[`Given an Aave Market reserve > When fetching the borrow APY history for it > Then it should return a time series for the specified window LAST_WEEK 1`] = `
{
  "__typename": "Reserve",
  "aToken": Any<Object>,
  "acceptsNative": Any<Object>,
  "borrowInfo": Any<Object>,
  "eModeInfo": Any<Array>,
  "flashLoanEnabled": true,
  "isFrozen": false,
  "isPaused": false,
  "isolationModeConfig": null,
  "market": Any<Object>,
  "size": Any<Object>,
  "supplyInfo": Any<Object>,
  "underlyingToken": {
    "__typename": "Currency",
    "address": "0xC02aaA39b223FE8D0A0e5C4F27eAD9083C756Cc2",
    "chainId": 99999999,
    "decimals": 18,
    "imageUrl": "https://token-logos.family.co/asset?id=99999999:0xC02aaA39b223FE8D0A0e5C4F27eAD9083C756Cc2&token=WETH",
    "name": "Wrapped Ether",
    "symbol": "WETH",
  },
  "usdExchangeRate": "3682.78",
  "usdOracleAddress": "0x5424384B256154046E9667dDFaaa5e550145215e",
  "userState": Any<Object>,
  "vToken": Any<Object>,
}
`;

exports[`Given an Aave Market reserve > When fetching the reserve data > Then it should return the expected reserve details 1`] = `
{
  "__typename": "Reserve",
  "aToken": Any<Object>,
  "acceptsNative": Any<Object>,
  "borrowInfo": Any<Object>,
  "eModeInfo": Any<Array>,
  "flashLoanEnabled": true,
  "isFrozen": false,
  "isPaused": false,
  "isolationModeConfig": null,
  "market": Any<Object>,
  "size": Any<Object>,
  "supplyInfo": Any<Object>,
  "underlyingToken": {
    "__typename": "Currency",
    "address": "0xC02aaA39b223FE8D0A0e5C4F27eAD9083C756Cc2",
    "chainId": 99999999,
    "decimals": 18,
    "imageUrl": "https://token-logos.family.co/asset?id=99999999:0xC02aaA39b223FE8D0A0e5C4F27eAD9083C756Cc2&token=WETH",
    "name": "Wrapped Ether",
    "symbol": "WETH",
  },
  "usdExchangeRate": "3682.78",
  "usdOracleAddress": "0x5424384B256154046E9667dDFaaa5e550145215e",
  "userState": Any<Object>,
  "vToken": Any<Object>,
}
`;
